Archive member included because of file (symbol)

.\CortexM3\ARM_GCC_473\Debug\IRT_EX6_1.a(cyfitter_cfg.o)
                              .\CortexM3\ARM_GCC_473\Debug\Cm3Start.o (cyfitter_cfg)
.\CortexM3\ARM_GCC_473\Debug\IRT_EX6_1.a(CyBootAsmGnu.o)
                              .\CortexM3\ARM_GCC_473\Debug\IRT_EX6_1.a(cyfitter_cfg.o) (CyDelayCycles)
.\CortexM3\ARM_GCC_473\Debug\IRT_EX6_1.a(CyLib.o)
                              .\CortexM3\ARM_GCC_473\Debug\Cm3Start.o (CyResetStatus)
.\CortexM3\ARM_GCC_473\Debug\IRT_EX6_1.a(cyPm.o)
                              .\CortexM3\ARM_GCC_473\Debug\IRT_EX6_1.a(CyLib.o) (CyPmReadStatus)
.\CortexM3\ARM_GCC_473\Debug\IRT_EX6_1.a(Diode_1.o)
                              .\CortexM3\ARM_GCC_473\Debug\main.o (Diode_1_Write)
.\CortexM3\ARM_GCC_473\Debug\IRT_EX6_1.a(ADC_DelSig_1.o)
                              .\CortexM3\ARM_GCC_473\Debug\main.o (ADC_DelSig_1_Start)
.\CortexM3\ARM_GCC_473\Debug\IRT_EX6_1.a(ADC_DelSig_1_INT.o)
                              .\CortexM3\ARM_GCC_473\Debug\IRT_EX6_1.a(ADC_DelSig_1.o) (ADC_DelSig_1_ISR1)
.\CortexM3\ARM_GCC_473\Debug\IRT_EX6_1.a(Opamp_1.o)
                              .\CortexM3\ARM_GCC_473\Debug\main.o (Opamp_1_Start)
.\CortexM3\ARM_GCC_473\Debug\IRT_EX6_1.a(Opamp_3.o)
                              .\CortexM3\ARM_GCC_473\Debug\main.o (Opamp_3_Start)
.\CortexM3\ARM_GCC_473\Debug\IRT_EX6_1.a(VDAC8_1.o)
                              .\CortexM3\ARM_GCC_473\Debug\main.o (VDAC8_1_Start)
.\CortexM3\ARM_GCC_473\Debug\IRT_EX6_1.a(VDAC8_2.o)
                              .\CortexM3\ARM_GCC_473\Debug\main.o (VDAC8_2_Start)
.\CortexM3\ARM_GCC_473\Debug\IRT_EX6_1.a(Clock_1.o)
                              .\CortexM3\ARM_GCC_473\Debug\main.o (Clock_1_Start)
.\CortexM3\ARM_GCC_473\Debug\IRT_EX6_1.a(isr.o)
                              .\CortexM3\ARM_GCC_473\Debug\main.o (isr_StartEx)
.\CortexM3\ARM_GCC_473\Debug\IRT_EX6_1.a(ADC_DelSig_1_Ext_CP_Clk.o)
                              .\CortexM3\ARM_GCC_473\Debug\IRT_EX6_1.a(ADC_DelSig_1.o) (ADC_DelSig_1_Ext_CP_Clk_SetDividerRegister)
.\CortexM3\ARM_GCC_473\Debug\IRT_EX6_1.a(ADC_DelSig_1_theACLK.o)
                              .\CortexM3\ARM_GCC_473\Debug\IRT_EX6_1.a(ADC_DelSig_1.o) (ADC_DelSig_1_theACLK_SetDividerRegister)
.\CortexM3\ARM_GCC_473\Debug\IRT_EX6_1.a(CyFlash.o)
                              .\CortexM3\ARM_GCC_473\Debug\IRT_EX6_1.a(cyPm.o) (CyFlash_SetWaitCycles)
.\CortexM3\ARM_GCC_473\Debug\IRT_EX6_1.a(CySpc.o)
                              .\CortexM3\ARM_GCC_473\Debug\IRT_EX6_1.a(CyFlash.o) (CySpcStart)
c:/program files (x86)/cypress/psoc creator/3.0/psoc creator/import/gnu_cs/arm/4.7.3/bin/../lib/gcc/arm-none-eabi/4.7.3/armv7-m\libgcc.a(_arm_addsubdf3.o)
                              .\CortexM3\ARM_GCC_473\Debug\IRT_EX6_1.a(ADC_DelSig_1.o) (__aeabi_f2d)
c:/program files (x86)/cypress/psoc creator/3.0/psoc creator/import/gnu_cs/arm/4.7.3/bin/../lib/gcc/arm-none-eabi/4.7.3/armv7-m\libgcc.a(_arm_cmpdf2.o)
                              .\CortexM3\ARM_GCC_473\Debug\IRT_EX6_1.a(ADC_DelSig_1.o) (__aeabi_dcmpgt)
c:/program files (x86)/cypress/psoc creator/3.0/psoc creator/import/gnu_cs/arm/4.7.3/bin/../lib/gcc/arm-none-eabi/4.7.3/armv7-m\libgcc.a(_arm_addsubsf3.o)
                              .\CortexM3\ARM_GCC_473\Debug\IRT_EX6_1.a(ADC_DelSig_1.o) (__aeabi_ui2f)
c:/program files (x86)/cypress/psoc creator/3.0/psoc creator/import/gnu_cs/arm/4.7.3/bin/../lib/gcc/arm-none-eabi/4.7.3/armv7-m\libgcc.a(_arm_muldivsf3.o)
                              .\CortexM3\ARM_GCC_473\Debug\IRT_EX6_1.a(ADC_DelSig_1.o) (__aeabi_fmul)
c:/program files (x86)/cypress/psoc creator/3.0/psoc creator/import/gnu_cs/arm/4.7.3/bin/../lib/gcc/arm-none-eabi/4.7.3/armv7-m\libgcc.a(_arm_fixunssfsi.o)
                              .\CortexM3\ARM_GCC_473\Debug\IRT_EX6_1.a(ADC_DelSig_1.o) (__aeabi_f2uiz)
c:/program files (x86)/cypress/psoc creator/3.0/psoc creator/import/gnu_cs/arm/4.7.3/bin/../lib/gcc/arm-none-eabi/4.7.3/../../../../arm-none-eabi/lib/armv7-m\libg.a(lib_a-__atexit.o)
                              c:/program files (x86)/cypress/psoc creator/3.0/psoc creator/import/gnu_cs/arm/4.7.3/bin/../lib/gcc/arm-none-eabi/4.7.3/../../../../arm-none-eabi/lib/armv7-m/crt0.o (__register_exitproc)
c:/program files (x86)/cypress/psoc creator/3.0/psoc creator/import/gnu_cs/arm/4.7.3/bin/../lib/gcc/arm-none-eabi/4.7.3/../../../../arm-none-eabi/lib/armv7-m\libg.a(lib_a-exit.o)
                              c:/program files (x86)/cypress/psoc creator/3.0/psoc creator/import/gnu_cs/arm/4.7.3/bin/../lib/gcc/arm-none-eabi/4.7.3/../../../../arm-none-eabi/lib/armv7-m/crt0.o (exit)
c:/program files (x86)/cypress/psoc creator/3.0/psoc creator/import/gnu_cs/arm/4.7.3/bin/../lib/gcc/arm-none-eabi/4.7.3/../../../../arm-none-eabi/lib/armv7-m\libg.a(lib_a-fini.o)
[...]
Memory Configuration

Name             Origin             Length             Attributes
rom              0x00000000         0x00040000         xr
ram              0x1fff8000         0x00010000         xrw
*default*        0x00000000         0xffffffff

Linker script and memory map

LOAD c:/program files (x86)/cypress/psoc creator/3.0/psoc creator/import/gnu_cs/arm/4.7.3/bin/../lib/gcc/arm-none-eabi/4.7.3/armv7-m/crti.o
LOAD c:/program files (x86)/cypress/psoc creator/3.0/psoc creator/import/gnu_cs/arm/4.7.3/bin/../lib/gcc/arm-none-eabi/4.7.3/armv7-m/crtbegin.o
LOAD c:/program files (x86)/cypress/psoc creator/3.0/psoc creator/import/gnu_cs/arm/4.7.3/bin/../lib/gcc/arm-none-eabi/4.7.3/../../../../arm-none-eabi/lib/armv7-m/crt0.o
START GROUP
LOAD .\CortexM3\ARM_GCC_473\Debug\main.o
LOAD .\CortexM3\ARM_GCC_473\Debug\cybootloader.o
LOAD .\CortexM3\ARM_GCC_473\Debug\cymetadata.o
LOAD .\CortexM3\ARM_GCC_473\Debug\Cm3Start.o
LOAD .\CortexM3\ARM_GCC_473\Debug\IRT_EX6_1.a
LOAD C:\Program Files (x86)\Cypress\PSoC Creator\3.0\PSoC Creator\psoc\content\cycomponentlibrary\CyComponentLibrary.cylib\CortexM3\ARM_GCC_473\Debug\CyComponentLibrary.a
END GROUP
START GROUP
LOAD c:/program files (x86)/cypress/psoc creator/3.0/psoc creator/import/gnu_cs/arm/4.7.3/bin/../lib/gcc/arm-none-eabi/4.7.3/armv7-m\libgcc.a
LOAD c:/program files (x86)/cypress/psoc creator/3.0/psoc creator/import/gnu_cs/arm/4.7.3/bin/../lib/gcc/arm-none-eabi/4.7.3/../../../../arm-none-eabi/lib/armv7-m\libg.a
LOAD c:/program files (x86)/cypress/psoc creator/3.0/psoc creator/import/gnu_cs/arm/4.7.3/bin/../lib/gcc/arm-none-eabi/4.7.3/../../../../arm-none-eabi/lib/armv7-m\libc.a
END GROUP
LOAD c:/program files (x86)/cypress/psoc creator/3.0/psoc creator/import/gnu_cs/arm/4.7.3/bin/../lib/gcc/arm-none-eabi/4.7.3/armv7-m/crtend.o
LOAD c:/program files (x86)/cypress/psoc creator/3.0/psoc creator/import/gnu_cs/arm/4.7.3/bin/../lib/gcc/arm-none-eabi/4.7.3/armv7-m/crtn.o
START GROUP
LOAD c:/program files (x86)/cypress/psoc creator/3.0/psoc creator/import/gnu_cs/arm/4.7.3/bin/../lib/gcc/arm-none-eabi/4.7.3/armv7-m\libgcc.a
LOAD c:/program files (x86)/cypress/psoc creator/3.0/psoc creator/import/gnu_cs/arm/4.7.3/bin/../lib/gcc/arm-none-eabi/4.7.3/../../../../arm-none-eabi/lib/armv7-m\libc.a
LOAD c:/program files (x86)/cypress/psoc creator/3.0/psoc creator/import/gnu_cs/arm/4.7.3/bin/../lib/gcc/arm-none-eabi/4.7.3/../../../../arm-none-eabi/lib/armv7-m\libnosys.a
END GROUP
                0x00000000                CY_APPL_ORIGIN = 0x0
                0x00000100                CY_FLASH_ROW_SIZE = 0x100
                0x00000020                CY_ECC_ROW_SIZE = 0x20
                0x00000000                CY_EE_IN_BTLDR = 0x0
                0x00000001                CY_APPL_LOADABLE = 0x1
                0x00000800                CY_EE_SIZE = 0x800
                0x00000001                CY_APPL_NUM = 0x1
                0x00000001                CY_APPL_MAX = 0x1
                0x00000040                CY_METADATA_SIZE = 0x40
                0x1fff8590                PROVIDE (__cy_heap_start, _end)
                0x00000001                PROVIDE (__cy_region_num, ((__cy_regions_end - __cy_regions) / 0x10))
                0x20008000                PROVIDE (__cy_stack, (ORIGIN (ram) + 0x10000))
                0x20004000                PROVIDE (__cy_heap_end, (__cy_stack - 0x4000))

.cybootloader   0x00000000     0x2800
 *(.cybootloader)
 .cybootloader  0x00000000     0x2800 .\CortexM3\ARM_GCC_473\Debug\cybootloader.o
                0x00000000                cy_bootloader
                0x00002800                appl1_start = CY_APPL_ORIGIN?CY_APPL_ORIGIN:ALIGN (CY_FLASH_ROW_SIZE)
                0x00021300                appl2_start = (appl1_start + ALIGN ((((0x40000 - appl1_start) - (0x2 * CY_FLASH_ROW_SIZE)) / 0x2), CY_FLASH_ROW_SIZE))
                0x00002800                appl_start = (CY_APPL_NUM == 0x1)?appl1_start:appl2_start
                0x00000500                ecc_offset = ((appl_start / CY_FLASH_ROW_SIZE) * CY_ECC_ROW_SIZE)
                0x00000000                ee_offset = (CY_APPL_LOADABLE && ! (CY_EE_IN_BTLDR))?((CY_EE_SIZE / CY_APPL_MAX) * (CY_APPL_NUM - 0x1)):0x0
                0x00000800                ee_size = (CY_APPL_LOADABLE && ! (CY_EE_IN_BTLDR))?(CY_EE_SIZE / CY_APPL_MAX):CY_EE_SIZE
                0x00000500                PROVIDE (CY_ECC_OFFSET, ecc_offset)

.text           0x00002800     0x2688
 CREATE_OBJECT_SYMBOLS
                0x00002800                PROVIDE (__cy_interrupt_vector, RomVectors)
 *(.romvectors)
 .romvectors    0x00002800       0x10 .\CortexM3\ARM_GCC_473\Debug\Cm3Start.o
                0x00002800                RomVectors
                0x00000001                ASSERT ((. != __cy_interrupt_vector), No interrupt vector)
                0x00000001                ASSERT (CY_APPL_ORIGIN?(SIZEOF (.cybootloader) <= CY_APPL_ORIGIN):0x1, Wrong image location)
                0x00002810                PROVIDE (__cy_reset, Reset)
 *(.text.Reset)
 .text.Reset    0x00002810        0x8 .\CortexM3\ARM_GCC_473\Debug\Cm3Start.o
                0x00002810                Reset
                0x00000001                ASSERT ((. != __cy_reset), No reset code)
 *(.dma_init)
                0x00000001                ASSERT ((((appl_start + .) <= 0x10000) || 0x1), DMA Init must be within the first 64k of flash)
 *(.text .text.* .gnu.linkonce.t.*)
 .text          0x00002818       0x54 c:/program files (x86)/cypress/psoc creator/3.0/psoc creator/import/gnu_cs/arm/4.7.3/bin/../lib/gcc/arm-none-eabi/4.7.3/armv7-m/crtbegin.o
 .text.filterVDAC
                0x0000286c       0x60 .\CortexM3\ARM_GCC_473\Debug\main.o
                0x0000286c                filterVDAC
 .text.main     0x000028cc       0x30 .\CortexM3\ARM_GCC_473\Debug\main.o
                0x000028cc                main
 .text.IntDefaultHandler
                0x000028fc        0x8 .\CortexM3\ARM_GCC_473\Debug\Cm3Start.o
                0x000028fc                IntDefaultHandler
 .text.Start_c  0x00002904       0xcc .\CortexM3\ARM_GCC_473\Debug\Cm3Start.o
                0x00002904                Start_c
 .text.initialize_psoc
                0x000029d0       0xb4 .\CortexM3\ARM_GCC_473\Debug\Cm3Start.o
                0x000029d0                initialize_psoc
 .text.CYMEMZERO
                0x00002a84       0x20 .\CortexM3\ARM_GCC_473\Debug\IRT_EX6_1.a(cyfitter_cfg.o)
 .text.CYCONFIGCPY
                0x00002aa4       0x20 .\CortexM3\ARM_GCC_473\Debug\IRT_EX6_1.a(cyfitter_cfg.o)
 .text.CyClockStartupError
                0x00002ac4        0xc .\CortexM3\ARM_GCC_473\Debug\IRT_EX6_1.a(cyfitter_cfg.o)
 .text.cfg_write_bytes32
                0x00002ad0       0x84 .\CortexM3\ARM_GCC_473\Debug\IRT_EX6_1.a(cyfitter_cfg.o)
 .text.ClockSetup
                0x00002b54      0x1d8 .\CortexM3\ARM_GCC_473\Debug\IRT_EX6_1.a(cyfitter_cfg.o)
 .text.AnalogSetDefault
                0x00002d2c       0xdc .\CortexM3\ARM_GCC_473\Debug\IRT_EX6_1.a(cyfitter_cfg.o)
 .text.cyfitter_cfg
                0x00002e08      0x1c4 .\CortexM3\ARM_GCC_473\Debug\IRT_EX6_1.a(cyfitter_cfg.o)
                0x00002e08                cyfitter_cfg
 *fill*         0x00002fcc        0x4 00
 .text          0x00002fd0       0x28 .\CortexM3\ARM_GCC_473\Debug\IRT_EX6_1.a(CyBootAsmGnu.o)
                0x00002fd0                CyDelayCycles
                0x00002fe4                CyEnterCriticalSection
                0x00002fec                CyExitCriticalSection
 .text.CyHalt   0x00002ff8       0x18 .\CortexM3\ARM_GCC_473\Debug\IRT_EX6_1.a(CyLib.o)
                0x00002ff8                CyHalt
 .text.CyDelayUs
                0x00003010       0x28 .\CortexM3\ARM_GCC_473\Debug\IRT_EX6_1.a(CyLib.o)
                0x00003010                CyDelayUs
 .text.CyIntSetVector
                0x00003038       0x60 .\CortexM3\ARM_GCC_473\Debug\IRT_EX6_1.a(CyLib.o)
                0x00003038                CyIntSetVector
 .text.CyIntSetPriority
                0x00003098       0x4c .\CortexM3\ARM_GCC_473\Debug\IRT_EX6_1.a(CyLib.o)
                0x00003098                CyIntSetPriority
 .text.Diode_1_Write
                0x000030e4       0x44 .\CortexM3\ARM_GCC_473\Debug\IRT_EX6_1.a(Diode_1.o)
                0x000030e4                Diode_1_Write
 .text.ADC_DelSig_1_Init
                0x00003128      0x1e0 .\CortexM3\ARM_GCC_473\Debug\IRT_EX6_1.a(ADC_DelSig_1.o)
                0x00003128                ADC_DelSig_1_Init
 .text.ADC_DelSig_1_Enable
                0x00003308      0x1e4 .\CortexM3\ARM_GCC_473\Debug\IRT_EX6_1.a(ADC_DelSig_1.o)
                0x00003308                ADC_DelSig_1_Enable
 .text.ADC_DelSig_1_Start
                0x000034ec       0x3c .\CortexM3\ARM_GCC_473\Debug\IRT_EX6_1.a(ADC_DelSig_1.o)
                0x000034ec                ADC_DelSig_1_Start
 .text.ADC_DelSig_1_StartConvert
                0x00003528       0x28 .\CortexM3\ARM_GCC_473\Debug\IRT_EX6_1.a(ADC_DelSig_1.o)
                0x00003528                ADC_DelSig_1_StartConvert
 .text.ADC_DelSig_1_GetResult8
                0x00003550       0x78 .\CortexM3\ARM_GCC_473\Debug\IRT_EX6_1.a(ADC_DelSig_1.o)
                0x00003550                ADC_DelSig_1_GetResult8
 .text.ADC_DelSig_1_InitConfig
                0x000035c8      0x720 .\CortexM3\ARM_GCC_473\Debug\IRT_EX6_1.a(ADC_DelSig_1.o)
 .text.ADC_DelSig_1_GainCompensation
                0x00003ce8      0x19c .\CortexM3\ARM_GCC_473\Debug\IRT_EX6_1.a(ADC_DelSig_1.o)
 .text.ADC_DelSig_1_SetDSMRef0Reg
                0x00003e84       0xa8 .\CortexM3\ARM_GCC_473\Debug\IRT_EX6_1.a(ADC_DelSig_1.o)
 .text.ADC_DelSig_1_ISR1
                0x00003f2c        0xc .\CortexM3\ARM_GCC_473\Debug\IRT_EX6_1.a(ADC_DelSig_1_INT.o)
                0x00003f2c                ADC_DelSig_1_ISR1
 .text.ADC_DelSig_1_ISR2
                0x00003f38        0xc .\CortexM3\ARM_GCC_473\Debug\IRT_EX6_1.a(ADC_DelSig_1_INT.o)
                0x00003f38                ADC_DelSig_1_ISR2
 .text.ADC_DelSig_1_ISR3
                0x00003f44        0xc .\CortexM3\ARM_GCC_473\Debug\IRT_EX6_1.a(ADC_DelSig_1_INT.o)
                0x00003f44                ADC_DelSig_1_ISR3
 .text.ADC_DelSig_1_ISR4
                0x00003f50        0xc .\CortexM3\ARM_GCC_473\Debug\IRT_EX6_1.a(ADC_DelSig_1_INT.o)
                0x00003f50                ADC_DelSig_1_ISR4
 .text.Opamp_1_Init
                0x00003f5c       0x10 .\CortexM3\ARM_GCC_473\Debug\IRT_EX6_1.a(Opamp_1.o)
                0x00003f5c                Opamp_1_Init
 .text.Opamp_1_Enable
                0x00003f6c       0x60 .\CortexM3\ARM_GCC_473\Debug\IRT_EX6_1.a(Opamp_1.o)
                0x00003f6c                Opamp_1_Enable
 .text.Opamp_1_Start
                0x00003fcc       0x2c .\CortexM3\ARM_GCC_473\Debug\IRT_EX6_1.a(Opamp_1.o)
                0x00003fcc                Opamp_1_Start
 .text.Opamp_1_SetPower
                0x00003ff8       0x54 .\CortexM3\ARM_GCC_473\Debug\IRT_EX6_1.a(Opamp_1.o)
                0x00003ff8                Opamp_1_SetPower
 .text.Opamp_3_Init
                0x0000404c       0x10 .\CortexM3\ARM_GCC_473\Debug\IRT_EX6_1.a(Opamp_3.o)
                0x0000404c                Opamp_3_Init
 .text.Opamp_3_Enable
                0x0000405c       0x60 .\CortexM3\ARM_GCC_473\Debug\IRT_EX6_1.a(Opamp_3.o)
                0x0000405c                Opamp_3_Enable
 .text.Opamp_3_Start
                0x000040bc       0x2c .\CortexM3\ARM_GCC_473\Debug\IRT_EX6_1.a(Opamp_3.o)
                0x000040bc                Opamp_3_Start
 .text.Opamp_3_SetPower
                0x000040e8       0x54 .\CortexM3\ARM_GCC_473\Debug\IRT_EX6_1.a(Opamp_3.o)
                0x000040e8                Opamp_3_SetPower
 .text.VDAC8_1_Init
                0x0000413c       0x34 .\CortexM3\ARM_GCC_473\Debug\IRT_EX6_1.a(VDAC8_1.o)
                0x0000413c                VDAC8_1_Init
 .text.VDAC8_1_Enable
                0x00004170       0x44 .\CortexM3\ARM_GCC_473\Debug\IRT_EX6_1.a(VDAC8_1.o)
                0x00004170                VDAC8_1_Enable
 .text.VDAC8_1_Start
                0x000041b4       0x34 .\CortexM3\ARM_GCC_473\Debug\IRT_EX6_1.a(VDAC8_1.o)
                0x000041b4                VDAC8_1_Start
 .text.VDAC8_1_SetSpeed
                0x000041e8       0x54 .\CortexM3\ARM_GCC_473\Debug\IRT_EX6_1.a(VDAC8_1.o)
                0x000041e8                VDAC8_1_SetSpeed
 .text.VDAC8_1_SetRange
                0x0000423c       0x54 .\CortexM3\ARM_GCC_473\Debug\IRT_EX6_1.a(VDAC8_1.o)
                0x0000423c                VDAC8_1_SetRange
 .text.VDAC8_1_SetValue
                0x00004290       0x20 .\CortexM3\ARM_GCC_473\Debug\IRT_EX6_1.a(VDAC8_1.o)
                0x00004290                VDAC8_1_SetValue
 .text.VDAC8_1_DacTrim
                0x000042b0       0x44 .\CortexM3\ARM_GCC_473\Debug\IRT_EX6_1.a(VDAC8_1.o)
                0x000042b0                VDAC8_1_DacTrim
 .text.VDAC8_2_Init
                0x000042f4       0x34 .\CortexM3\ARM_GCC_473\Debug\IRT_EX6_1.a(VDAC8_2.o)
                0x000042f4                VDAC8_2_Init
 .text.VDAC8_2_Enable
                0x00004328       0x44 .\CortexM3\ARM_GCC_473\Debug\IRT_EX6_1.a(VDAC8_2.o)
                0x00004328                VDAC8_2_Enable
 .text.VDAC8_2_Start
                0x0000436c       0x34 .\CortexM3\ARM_GCC_473\Debug\IRT_EX6_1.a(VDAC8_2.o)
                0x0000436c                VDAC8_2_Start
 .text.VDAC8_2_SetSpeed
                0x000043a0       0x54 .\CortexM3\ARM_GCC_473\Debug\IRT_EX6_1.a(VDAC8_2.o)
                0x000043a0                VDAC8_2_SetSpeed
 .text.VDAC8_2_SetRange
                0x000043f4       0x54 .\CortexM3\ARM_GCC_473\Debug\IRT_EX6_1.a(VDAC8_2.o)
                0x000043f4                VDAC8_2_SetRange
 .text.VDAC8_2_SetValue
                0x00004448       0x20 .\CortexM3\ARM_GCC_473\Debug\IRT_EX6_1.a(VDAC8_2.o)
                0x00004448                VDAC8_2_SetValue
 .text.VDAC8_2_DacTrim
                0x00004468       0x44 .\CortexM3\ARM_GCC_473\Debug\IRT_EX6_1.a(VDAC8_2.o)
                0x00004468                VDAC8_2_DacTrim
 .text.Clock_1_Start
                0x000044ac       0x44 .\CortexM3\ARM_GCC_473\Debug\IRT_EX6_1.a(Clock_1.o)
                0x000044ac                Clock_1_Start
 .text.isr_StartEx
                0x000044f0       0x28 .\CortexM3\ARM_GCC_473\Debug\IRT_EX6_1.a(isr.o)
                0x000044f0                isr_StartEx
 .text.isr_SetVector
                0x00004518       0x28 .\CortexM3\ARM_GCC_473\Debug\IRT_EX6_1.a(isr.o)
                0x00004518                isr_SetVector
 .text.isr_SetPriority
                0x00004540       0x28 .\CortexM3\ARM_GCC_473\Debug\IRT_EX6_1.a(isr.o)
                0x00004540                isr_SetPriority
 .text.isr_Enable
                0x00004568       0x18 .\CortexM3\ARM_GCC_473\Debug\IRT_EX6_1.a(isr.o)
                0x00004568                isr_Enable
 .text.isr_Disable
                0x00004580       0x18 .\CortexM3\ARM_GCC_473\Debug\IRT_EX6_1.a(isr.o)
                0x00004580                isr_Disable
 .text.ADC_DelSig_1_Ext_CP_Clk_SetDividerRegister
                0x00004598      0x1e8 .\CortexM3\ARM_GCC_473\Debug\IRT_EX6_1.a(ADC_DelSig_1_Ext_CP_Clk.o)
                0x00004598                ADC_DelSig_1_Ext_CP_Clk_SetDividerRegister
 .text.ADC_DelSig_1_Ext_CP_Clk_GetDividerRegister
                0x00004780       0x18 .\CortexM3\ARM_GCC_473\Debug\IRT_EX6_1.a(ADC_DelSig_1_Ext_CP_Clk.o)
                0x00004780                ADC_DelSig_1_Ext_CP_Clk_GetDividerRegister
 .text.ADC_DelSig_1_Ext_CP_Clk_SetModeRegister
                0x00004798       0x3c .\CortexM3\ARM_GCC_473\Debug\IRT_EX6_1.a(ADC_DelSig_1_Ext_CP_Clk.o)
                0x00004798                ADC_DelSig_1_Ext_CP_Clk_SetModeRegister
 .text.ADC_DelSig_1_Ext_CP_Clk_GetSourceRegister
                0x000047d4       0x20 .\CortexM3\ARM_GCC_473\Debug\IRT_EX6_1.a(ADC_DelSig_1_Ext_CP_Clk.o)
                0x000047d4                ADC_DelSig_1_Ext_CP_Clk_GetSourceRegister
 .text.ADC_DelSig_1_theACLK_SetDividerRegister
                0x000047f4      0x1e8 .\CortexM3\ARM_GCC_473\Debug\IRT_EX6_1.a(ADC_DelSig_1_theACLK.o)
                0x000047f4                ADC_DelSig_1_theACLK_SetDividerRegister
 .text.ADC_DelSig_1_theACLK_GetDividerRegister
                0x000049dc       0x18 .\CortexM3\ARM_GCC_473\Debug\IRT_EX6_1.a(ADC_DelSig_1_theACLK.o)
                0x000049dc                ADC_DelSig_1_theACLK_GetDividerRegister
 .text.ADC_DelSig_1_theACLK_SetModeRegister
                0x000049f4       0x3c .\CortexM3\ARM_GCC_473\Debug\IRT_EX6_1.a(ADC_DelSig_1_theACLK.o)
                0x000049f4                ADC_DelSig_1_theACLK_SetModeRegister
 .text.ADC_DelSig_1_theACLK_GetSourceRegister
                0x00004a30       0x20 .\CortexM3\ARM_GCC_473\Debug\IRT_EX6_1.a(ADC_DelSig_1_theACLK.o)
                0x00004a30                ADC_DelSig_1_theACLK_GetSourceRegister
 .text.__register_exitproc
                0x00004a50       0xac c:/program files (x86)/cypress/psoc creator/3.0/psoc creator/import/gnu_cs/arm/4.7.3/bin/../lib/gcc/arm-none-eabi/4.7.3/../../../../arm-none-eabi/lib/armv7-m\libg.a(lib_a-__atexit.o)
                0x00004a50                __register_exitproc
 .text.__libc_fini_array
                0x00004afc       0x50 c:/program files (x86)/cypress/psoc creator/3.0/psoc creator/import/gnu_cs/arm/4.7.3/bin/../lib/gcc/arm-none-eabi/4.7.3/../../../../arm-none-eabi/lib/armv7-m\libg.a(lib_a-fini.o)
                0x00004afc                __libc_fini_array
 .text.__libc_init_array
                0x00004b4c       0x94 c:/program files (x86)/cypress/psoc creator/3.0/psoc creator/import/gnu_cs/arm/4.7.3/bin/../lib/gcc/arm-none-eabi/4.7.3/../../../../arm-none-eabi/lib/armv7-m\libg.a(lib_a-init.o)
                0x00004b4c                __libc_init_array
 .text.memcpy   0x00004be0      0x15c c:/program files (x86)/cypress/psoc creator/3.0/psoc creator/import/gnu_cs/arm/4.7.3/bin/../lib/gcc/arm-none-eabi/4.7.3/../../../../arm-none-eabi/lib/armv7-m\libg.a(lib_a-memcpy.o)
                0x00004be0                memcpy
 .text.memset   0x00004d3c      0x12c c:/program files (x86)/cypress/psoc creator/3.0/psoc creator/import/gnu_cs/arm/4.7.3/bin/../lib/gcc/arm-none-eabi/4.7.3/../../../../arm-none-eabi/lib/armv7-m\libg.a(lib_a-memset.o)
                0x00004d3c                memset
 .text.startup.register_fini
                0x00004e68       0x14 c:/program files (x86)/cypress/psoc creator/3.0/psoc creator/import/gnu_cs/arm/4.7.3/bin/../lib/gcc/arm-none-eabi/4.7.3/../../../../arm-none-eabi/lib/armv7-m\libg.a(lib_a-__call_atexit.o)
 .text.atexit   0x00004e7c        0xc c:/program files (x86)/cypress/psoc creator/3.0/psoc creator/import/gnu_cs/arm/4.7.3/bin/../lib/gcc/arm-none-eabi/4.7.3/../../../../arm-none-eabi/lib/armv7-m\libg.a(lib_a-atexit.o)
                0x00004e7c                atexit
 *(.plt)
 *(.gnu.warning)
 *(.glue_7t)
 .glue_7t       0x00000000        0x0 linker stubs
 *(.glue_7)
 .glue_7        0x00000000        0x0 linker stubs
 *(.vfp11_veneer)
 .vfp11_veneer  0x00000000        0x0 linker stubs
 *(.bootloader)
 *(.ARM.extab* .gnu.linkonce.armextab.*)
 *(.gcc_except_table)

.v4_bx          0x00004e88        0x0
 .v4_bx         0x00000000        0x0 linker stubs

.iplt           0x00004e88        0x0
 .iplt          0x00000000        0x0 c:/program files (x86)/cypress/psoc creator/3.0/psoc creator/import/gnu_cs/arm/4.7.3/bin/../lib/gcc/arm-none-eabi/4.7.3/armv7-m/crtbegin.o

.eh_frame_hdr
 *(.eh_frame_hdr)

.eh_frame       0x00004e88        0x4
 *(.eh_frame)
 .eh_frame      0x00004e88        0x0 c:/program files (x86)/cypress/psoc creator/3.0/psoc creator/import/gnu_cs/arm/4.7.3/bin/../lib/gcc/arm-none-eabi/4.7.3/armv7-m/crtbegin.o
 .eh_frame      0x00004e88        0x4 c:/program files (x86)/cypress/psoc creator/3.0/psoc creator/import/gnu_cs/arm/4.7.3/bin/../lib/gcc/arm-none-eabi/4.7.3/armv7-m/crtend.o
                0x00004e8c                PROVIDE (__exidx_start, .)

.ARM.exidx
 *(.ARM.exidx* .gnu.linkonce.armexidx.*)
                0x00004e8c                __exidx_end = .

.rodata         0x00004e8c       0x7c
 *(.rodata .rodata.* .gnu.linkonce.r.*)
 .rodata        0x00004e8c       0x38 .\CortexM3\ARM_GCC_473\Debug\IRT_EX6_1.a(cyfitter_cfg.o)
 .rodata.str1.4
                0x00004ec4        0x4 c:/program files (x86)/cypress/psoc creator/3.0/psoc creator/import/gnu_cs/arm/4.7.3/bin/../lib/gcc/arm-none-eabi/4.7.3/../../../../arm-none-eabi/lib/armv7-m\libg.a(lib_a-impure.o)
 .rodata._global_impure_ptr
                0x00004ec8        0x4 c:/program files (x86)/cypress/psoc creator/3.0/psoc creator/import/gnu_cs/arm/4.7.3/bin/../lib/gcc/arm-none-eabi/4.7.3/../../../../arm-none-eabi/lib/armv7-m\libg.a(lib_a-impure.o)
                0x00004ec8                _global_impure_ptr
                0x00004ecc                . = ALIGN (0x4)
 *(.init)
 .init          0x00004ecc        0x4 c:/program files (x86)/cypress/psoc creator/3.0/psoc creator/import/gnu_cs/arm/4.7.3/bin/../lib/gcc/arm-none-eabi/4.7.3/armv7-m/crti.o
                0x00004ecc                _init
 .init          0x00004ed0        0x8 c:/program files (x86)/cypress/psoc creator/3.0/psoc creator/import/gnu_cs/arm/4.7.3/bin/../lib/gcc/arm-none-eabi/4.7.3/armv7-m/crtn.o
                0x00004ed8                . = ALIGN (0x4)
                0x00004ed8                __preinit_array_start = .
 *(.preinit_array)
                0x00004ed8                __preinit_array_end = .
                0x00004ed8                . = ALIGN (0x4)
                0x00004ed8                __init_array_start = .
 *(SORT(.init_array.*))
 .init_array.00000
                0x00004ed8        0x4 c:/program files (x86)/cypress/psoc creator/3.0/psoc creator/import/gnu_cs/arm/4.7.3/bin/../lib/gcc/arm-none-eabi/4.7.3/../../../../arm-none-eabi/lib/armv7-m\libg.a(lib_a-__call_atexit.o)
 *(.init_array)
 .init_array    0x00004edc        0x4 c:/program files (x86)/cypress/psoc creator/3.0/psoc creator/import/gnu_cs/arm/4.7.3/bin/../lib/gcc/arm-none-eabi/4.7.3/armv7-m/crtbegin.o
 .init_array    0x00004ee0        0x4 .\CortexM3\ARM_GCC_473\Debug\Cm3Start.o
                0x00004ee4                __init_array_end = .
                0x00004ee4                . = ALIGN (0x4)
 *(.fini)
 .fini          0x00004ee4        0x4 c:/program files (x86)/cypress/psoc creator/3.0/psoc creator/import/gnu_cs/arm/4.7.3/bin/../lib/gcc/arm-none-eabi/4.7.3/armv7-m/crti.o
                0x00004ee4                _fini
 .fini          0x00004ee8        0x8 c:/program files (x86)/cypress/psoc creator/3.0/psoc creator/import/gnu_cs/arm/4.7.3/bin/../lib/gcc/arm-none-eabi/4.7.3/armv7-m/crtn.o
                0x00004ef0                . = ALIGN (0x4)
                0x00004ef0                __fini_array_start = .
 *(.fini_array)
 .fini_array    0x00004ef0        0x4 c:/program files (x86)/cypress/psoc creator/3.0/psoc creator/import/gnu_cs/arm/4.7.3/bin/../lib/gcc/arm-none-eabi/4.7.3/armv7-m/crtbegin.o
 *(SORT(.fini_array.*))
                0x00004ef4                __fini_array_end = .
                0x00004ef4                . = ALIGN (0x4)
 *crtbegin.o(.ctors)
 *(EXCLUDE_FILE(*crtend.o) .ctors)
 *(SORT(.ctors.*))
 *crtend.o(.ctors)
                0x00004ef4                . = ALIGN (0x4)
 *crtbegin.o(.dtors)
 *(EXCLUDE_FILE(*crtend.o) .dtors)
 *(SORT(.dtors.*))
 *crtend.o(.dtors)
                0x00004ef4                . = ALIGN (0x4)
                0x00004ef4                __cy_regions = .
                0x00004ef4        0x4 LONG 0x4f08 __cy_region_init_ram
                0x00004ef8        0x4 LONG 0x1fff8108 __cy_region_start_data
                0x00004efc        0x4 LONG 0x440 __cy_region_init_size_ram
                0x00004f00        0x4 LONG 0x48 __cy_region_zero_size_ram
                0x00004f04                __cy_regions_end = .
                0x00004f08                . = ALIGN (0x8)
 *fill*         0x00004f04        0x4 00
                0x00004f08                _etext = .

.ramvectors     0x1fff8000      0x100
                0x1fff8000                __cy_region_start_ram = .
 *(.ramvectors)
 .ramvectors    0x1fff8000      0x100 .\CortexM3\ARM_GCC_473\Debug\Cm3Start.o
                0x1fff8000                CyRamVectors

.noinit         0x1fff8100        0x5
 *(.noinit)
 .noinit        0x1fff8100        0x4 .\CortexM3\ARM_GCC_473\Debug\Cm3Start.o
 .noinit        0x1fff8104        0x1 .\CortexM3\ARM_GCC_473\Debug\IRT_EX6_1.a(CyLib.o)
                0x1fff8104                CyResetStatus

.data           0x1fff8108      0x440 load address 0x00004f08
                0x1fff8108                __cy_region_start_data = .
 *(.jcr)
 .jcr           0x1fff8108        0x0 c:/program files (x86)/cypress/psoc creator/3.0/psoc creator/import/gnu_cs/arm/4.7.3/bin/../lib/gcc/arm-none-eabi/4.7.3/armv7-m/crtbegin.o
 .jcr           0x1fff8108        0x4 c:/program files (x86)/cypress/psoc creator/3.0/psoc creator/import/gnu_cs/arm/4.7.3/bin/../lib/gcc/arm-none-eabi/4.7.3/armv7-m/crtend.o
 *(.got.plt)
 *(.got)
 *(.shdata)
 *(.data .data.* .gnu.linkonce.d.*)
 .data          0x1fff810c       0x10 .\CortexM3\ARM_GCC_473\Debug\IRT_EX6_1.a(CyLib.o)
                0x1fff810c                cydelay_freq_hz
                0x1fff8110                cydelay_freq_khz
                0x1fff8114                cydelay_freq_mhz
                0x1fff8118                cydelay_32k_ms
 .data          0x1fff811c        0x1 .\CortexM3\ARM_GCC_473\Debug\IRT_EX6_1.a(ADC_DelSig_1.o)
                0x1fff811c                ADC_DelSig_1_Config
 *fill*         0x1fff811d        0x3 00
 .data.impure_data
                0x1fff8120      0x428 c:/program files (x86)/cypress/psoc creator/3.0/psoc creator/import/gnu_cs/arm/4.7.3/bin/../lib/gcc/arm-none-eabi/4.7.3/../../../../arm-none-eabi/lib/armv7-m\libg.a(lib_a-impure.o)
                0x1fff8548                . = ALIGN (0x8)
 *(.ram)
                0x1fff8548                _edata = .

.igot.plt       0x1fff8548        0x0 load address 0x00005348
 .igot.plt      0x00000000        0x0 c:/program files (x86)/cypress/psoc creator/3.0/psoc creator/import/gnu_cs/arm/4.7.3/bin/../lib/gcc/arm-none-eabi/4.7.3/armv7-m/crtbegin.o

.bss            0x1fff8548       0x48 load address 0x00005348
                0x1fff8548                PROVIDE (__bss_start__, .)
 *(.shbss)
 *(.bss .bss.* .gnu.linkonce.b.*)
 .bss           0x1fff8548       0x1c c:/program files (x86)/cypress/psoc creator/3.0/psoc creator/import/gnu_cs/arm/4.7.3/bin/../lib/gcc/arm-none-eabi/4.7.3/armv7-m/crtbegin.o
 .bss           0x1fff8564        0x1 .\CortexM3\ARM_GCC_473\Debug\main.o
                0x1fff8564                i
 *fill*         0x1fff8565        0x3 00
 .bss           0x1fff8568       0x14 .\CortexM3\ARM_GCC_473\Debug\IRT_EX6_1.a(ADC_DelSig_1.o)
                0x1fff8568                ADC_DelSig_1_convDone
                0x1fff8569                ADC_DelSig_1_stopConversion
                0x1fff856a                ADC_DelSig_1_initVar
                0x1fff856b                ADC_DelSig_1_started
 .bss           0x1fff857c        0x1 .\CortexM3\ARM_GCC_473\Debug\IRT_EX6_1.a(Opamp_1.o)
                0x1fff857c                Opamp_1_initVar
 .bss           0x1fff857d        0x1 .\CortexM3\ARM_GCC_473\Debug\IRT_EX6_1.a(Opamp_3.o)
                0x1fff857d                Opamp_3_initVar
 .bss           0x1fff857e        0x1 .\CortexM3\ARM_GCC_473\Debug\IRT_EX6_1.a(VDAC8_1.o)
                0x1fff857e                VDAC8_1_initVar
 .bss           0x1fff857f        0x1 .\CortexM3\ARM_GCC_473\Debug\IRT_EX6_1.a(VDAC8_2.o)
                0x1fff857f                VDAC8_2_initVar
 *(COMMON)
 COMMON         0x1fff8580        0x1 .\CortexM3\ARM_GCC_473\Debug\main.o
                0x1fff8580                result
 *fill*         0x1fff8581        0x3 00
 COMMON         0x1fff8584        0x8 .\CortexM3\ARM_GCC_473\Debug\IRT_EX6_1.a(ADC_DelSig_1.o)
                0x1fff8584                ADC_DelSig_1_CountsPerVolt
                0x1fff8588                ADC_DelSig_1_Offset
                0x1fff8590                . = ALIGN (0x8)
 *fill*         0x1fff858c        0x4 00
 *(.ram.b)
                0x1fff8590                _end = .
                0x1fff8590                __end = .
                0x1fff8590                PROVIDE (end, .)
                0x1fff8590                PROVIDE (__bss_end__, .)
                0x00004f08                __cy_region_init_ram = LOADADDR (.data)
                0x00000440                __cy_region_init_size_ram = (_edata - ADDR (.data))
                0x00000048                __cy_region_zero_size_ram = (_end - _edata)

.heap           0x1fff8590     0x1000 load address 0x00005348
                0x1fff8590                . = _end
                0x1fff9590                . = (. + 0x1000)
 *fill*         0x1fff8590     0x1000 00
                0x1fff9590                __cy_heap_limit = .

.stack          0x20004000     0x4000
                0x20004000                __cy_stack_limit = .
                0x20008000                . = (. + 0x4000)
 *fill*         0x20004000     0x4000 00
                0x00000001                ASSERT ((__cy_stack_limit >= __cy_heap_limit), region RAM overflowed with stack)

.cyloadermeta   0xf0000000       0x40
 *(.cyloadermeta)
 .cyloadermeta  0xf0000000       0x40 .\CortexM3\ARM_GCC_473\Debug\cybootloader.o
                0xf0000000                cy_meta_loader

.cyloadablemeta
                0x0003ffc0       0x40
 *(.cyloadablemeta)
 .cyloadablemeta
                0x0003ffc0       0x40 .\CortexM3\ARM_GCC_473\Debug\cymetadata.o
                0x0003ffc0                cy_meta_loadable

.cyconfigecc    0x80000500       0xa8
 *(.cyconfigecc)
 .cyconfigecc   0x80000500       0xa8 .\CortexM3\ARM_GCC_473\Debug\cymetadata.o
                0x80000500                cy_meta_configecc

.cycustnvl      0x90000000        0x4
 *(.cycustnvl)
 .cycustnvl     0x90000000        0x4 .\CortexM3\ARM_GCC_473\Debug\cybootloader.o
                0x90000000                cy_meta_custnvl

.cywolatch      0x90100000        0x4
 *(.cywolatch)
 .cywolatch     0x90100000        0x4 .\CortexM3\ARM_GCC_473\Debug\cybootloader.o
                0x90100000                cy_meta_wonvl

.cyeeprom       0x90200000        0x0
 *(.cyeeprom)
                0x00000001                ASSERT ((. <= ((0x90200000 + ee_offset) + ee_size)), .cyeeprom data will not fit in EEPROM)

.cyflashprotect
                0x90400000      0x100
 *(.cyflashprotect)
 .cyflashprotect
                0x90400000      0x100 .\CortexM3\ARM_GCC_473\Debug\cybootloader.o
                0x90400000                cy_meta_flashprotect

.cymeta         0x90500000        0xc
 *(.cymeta)
 .cymeta        0x90500000        0xc .\CortexM3\ARM_GCC_473\Debug\cybootloader.o
                0x90500000                cy_metadata

.rel.dyn        0x00040000        0x0 load address 0x9050000c
 .rel.iplt      0x00000000        0x0 c:/program files (x86)/cypress/psoc creator/3.0/psoc creator/import/gnu_cs/arm/4.7.3/bin/../lib/gcc/arm-none-eabi/4.7.3/armv7-m/crtbegin.o

.stab
 *(.stab)

.stabstr
 *(.stabstr)

.debug
 *(.debug)

.line
 *(.line)

.debug_srcinfo
 *(.debug_srcinfo)

.debug_sfnames
 *(.debug_sfnames)

.debug_aranges  0x00000000      0x908
 *(.debug_aranges)
 .debug_aranges
                0x00000000       0x28 .\CortexM3\ARM_GCC_473\Debug\main.o
 .debug_aranges
                0x00000028       0x18 .\CortexM3\ARM_GCC_473\Debug\cybootloader.o
 .debug_aranges
                0x00000040       0x18 .\CortexM3\ARM_GCC_473\Debug\cymetadata.o
 .debug_aranges
                0x00000058       0x40 .\CortexM3\ARM_GCC_473\Debug\Cm3Start.o
 .debug_aranges
                0x00000098       0x60 .\CortexM3\ARM_GCC_473\Debug\IRT_EX6_1.a(cyfitter_cfg.o)
 .debug_aranges
                0x000000f8       0x20 .\CortexM3\ARM_GCC_473\Debug\IRT_EX6_1.a(CyBootAsmGnu.o)
 .debug_aranges
                0x00000118      0x218 .\CortexM3\ARM_GCC_473\Debug\IRT_EX6_1.a(CyLib.o)
 .debug_aranges
                0x00000330       0x90 .\CortexM3\ARM_GCC_473\Debug\IRT_EX6_1.a(cyPm.o)
 .debug_aranges
                0x000003c0       0x38 .\CortexM3\ARM_GCC_473\Debug\IRT_EX6_1.a(Diode_1.o)
 .debug_aranges
                0x000003f8       0xe8 .\CortexM3\ARM_GCC_473\Debug\IRT_EX6_1.a(ADC_DelSig_1.o)
 .debug_aranges
                0x000004e0       0x38 .\CortexM3\ARM_GCC_473\Debug\IRT_EX6_1.a(ADC_DelSig_1_INT.o)
 .debug_aranges
                0x00000518       0x40 .\CortexM3\ARM_GCC_473\Debug\IRT_EX6_1.a(Opamp_1.o)
 .debug_aranges
                0x00000558       0x40 .\CortexM3\ARM_GCC_473\Debug\IRT_EX6_1.a(Opamp_3.o)
 .debug_aranges
                0x00000598       0x58 .\CortexM3\ARM_GCC_473\Debug\IRT_EX6_1.a(VDAC8_1.o)
 .debug_aranges
                0x000005f0       0x58 .\CortexM3\ARM_GCC_473\Debug\IRT_EX6_1.a(VDAC8_2.o)
 .debug_aranges
                0x00000648       0x70 .\CortexM3\ARM_GCC_473\Debug\IRT_EX6_1.a(Clock_1.o)
 .debug_aranges
                0x000006b8       0x80 .\CortexM3\ARM_GCC_473\Debug\IRT_EX6_1.a(isr.o)
 .debug_aranges
                0x00000738       0x70 .\CortexM3\ARM_GCC_473\Debug\IRT_EX6_1.a(ADC_DelSig_1_Ext_CP_Clk.o)
 .debug_aranges
                0x000007a8       0x80 .\CortexM3\ARM_GCC_473\Debug\IRT_EX6_1.a(ADC_DelSig_1_theACLK.o)
 .debug_aranges
                0x00000828       0x78 .\CortexM3\ARM_GCC_473\Debug\IRT_EX6_1.a(CyFlash.o)
 .debug_aranges
                0x000008a0       0x68 .\CortexM3\ARM_GCC_473\Debug\IRT_EX6_1.a(CySpc.o)

.debug_pubnames
 *(.debug_pubnames)

.debug_info     0x00000000     0x3e90
 *(.debug_info .gnu.linkonce.wi.*)
 .debug_info    0x00000000      0x11d .\CortexM3\ARM_GCC_473\Debug\main.o
 .debug_info    0x0000011d      0x16a .\CortexM3\ARM_GCC_473\Debug\cybootloader.o
 .debug_info    0x00000287       0xd9 .\CortexM3\ARM_GCC_473\Debug\cymetadata.o
 .debug_info    0x00000360      0x2ea .\CortexM3\ARM_GCC_473\Debug\Cm3Start.o
 .debug_info    0x0000064a      0x3d1 .\CortexM3\ARM_GCC_473\Debug\IRT_EX6_1.a(cyfitter_cfg.o)
 .debug_info    0x00000a1b       0x9f .\CortexM3\ARM_GCC_473\Debug\IRT_EX6_1.a(CyBootAsmGnu.o)
 .debug_info    0x00000aba      0xcd7 .\CortexM3\ARM_GCC_473\Debug\IRT_EX6_1.a(CyLib.o)
 .debug_info    0x00001791      0x5c3 .\CortexM3\ARM_GCC_473\Debug\IRT_EX6_1.a(cyPm.o)
 .debug_info    0x00001d54      0x134 .\CortexM3\ARM_GCC_473\Debug\IRT_EX6_1.a(Diode_1.o)
 .debug_info    0x00001e88      0x7a9 .\CortexM3\ARM_GCC_473\Debug\IRT_EX6_1.a(ADC_DelSig_1.o)
 .debug_info    0x00002631       0xe4 .\CortexM3\ARM_GCC_473\Debug\IRT_EX6_1.a(ADC_DelSig_1_INT.o)
 .debug_info    0x00002715      0x13a .\CortexM3\ARM_GCC_473\Debug\IRT_EX6_1.a(Opamp_1.o)
 .debug_info    0x0000284f      0x13a .\CortexM3\ARM_GCC_473\Debug\IRT_EX6_1.a(Opamp_3.o)
 .debug_info    0x00002989      0x1b0 .\CortexM3\ARM_GCC_473\Debug\IRT_EX6_1.a(VDAC8_1.o)
 .debug_info    0x00002b39      0x1b0 .\CortexM3\ARM_GCC_473\Debug\IRT_EX6_1.a(VDAC8_2.o)
 .debug_info    0x00002ce9      0x294 .\CortexM3\ARM_GCC_473\Debug\IRT_EX6_1.a(Clock_1.o)
 .debug_info    0x00002f7d      0x278 .\CortexM3\ARM_GCC_473\Debug\IRT_EX6_1.a(isr.o)
 .debug_info    0x000031f5      0x294 .\CortexM3\ARM_GCC_473\Debug\IRT_EX6_1.a(ADC_DelSig_1_Ext_CP_Clk.o)
 .debug_info    0x00003489      0x2da .\CortexM3\ARM_GCC_473\Debug\IRT_EX6_1.a(ADC_DelSig_1_theACLK.o)
 .debug_info    0x00003763      0x354 .\CortexM3\ARM_GCC_473\Debug\IRT_EX6_1.a(CyFlash.o)
 .debug_info    0x00003ab7      0x3d9 .\CortexM3\ARM_GCC_473\Debug\IRT_EX6_1.a(CySpc.o)

.debug_abbrev   0x00000000     0x1518
 *(.debug_abbrev)
 .debug_abbrev  0x00000000       0xa1 .\CortexM3\ARM_GCC_473\Debug\main.o
 .debug_abbrev  0x000000a1       0x77 .\CortexM3\ARM_GCC_473\Debug\cybootloader.o
 .debug_abbrev  0x00000118       0x5d .\CortexM3\ARM_GCC_473\Debug\cymetadata.o
 .debug_abbrev  0x00000175      0x175 .\CortexM3\ARM_GCC_473\Debug\Cm3Start.o
 .debug_abbrev  0x000002ea      0x1b2 .\CortexM3\ARM_GCC_473\Debug\IRT_EX6_1.a(cyfitter_cfg.o)
 .debug_abbrev  0x0000049c       0x14 .\CortexM3\ARM_GCC_473\Debug\IRT_EX6_1.a(CyBootAsmGnu.o)
 .debug_abbrev  0x000004b0      0x207 .\CortexM3\ARM_GCC_473\Debug\IRT_EX6_1.a(CyLib.o)
 .debug_abbrev  0x000006b7      0x170 .\CortexM3\ARM_GCC_473\Debug\IRT_EX6_1.a(cyPm.o)
 .debug_abbrev  0x00000827       0x92 .\CortexM3\ARM_GCC_473\Debug\IRT_EX6_1.a(Diode_1.o)
 .debug_abbrev  0x000008b9      0x192 .\CortexM3\ARM_GCC_473\Debug\IRT_EX6_1.a(ADC_DelSig_1.o)
 .debug_abbrev  0x00000a4b       0x44 .\CortexM3\ARM_GCC_473\Debug\IRT_EX6_1.a(ADC_DelSig_1_INT.o)
 .debug_abbrev  0x00000a8f       0xaa .\CortexM3\ARM_GCC_473\Debug\IRT_EX6_1.a(Opamp_1.o)
 .debug_abbrev  0x00000b39       0xaa .\CortexM3\ARM_GCC_473\Debug\IRT_EX6_1.a(Opamp_3.o)
 .debug_abbrev  0x00000be3       0xed .\CortexM3\ARM_GCC_473\Debug\IRT_EX6_1.a(VDAC8_1.o)
 .debug_abbrev  0x00000cd0       0xed .\CortexM3\ARM_GCC_473\Debug\IRT_EX6_1.a(VDAC8_2.o)
 .debug_abbrev  0x00000dbd      0x11f .\CortexM3\ARM_GCC_473\Debug\IRT_EX6_1.a(Clock_1.o)
 .debug_abbrev  0x00000edc      0x12d .\CortexM3\ARM_GCC_473\Debug\IRT_EX6_1.a(isr.o)
 .debug_abbrev  0x00001009      0x11f .\CortexM3\ARM_GCC_473\Debug\IRT_EX6_1.a(ADC_DelSig_1_Ext_CP_Clk.o)
 .debug_abbrev  0x00001128      0x11f .\CortexM3\ARM_GCC_473\Debug\IRT_EX6_1.a(ADC_DelSig_1_theACLK.o)
 .debug_abbrev  0x00001247      0x172 .\CortexM3\ARM_GCC_473\Debug\IRT_EX6_1.a(CyFlash.o)
 .debug_abbrev  0x000013b9      0x15f .\CortexM3\ARM_GCC_473\Debug\IRT_EX6_1.a(CySpc.o)

.debug_line     0x00000000     0x229f
 *(.debug_line)
 .debug_line    0x00000000      0x134 .\CortexM3\ARM_GCC_473\Debug\main.o
 .debug_line    0x00000134       0x55 .\CortexM3\ARM_GCC_473\Debug\cybootloader.o
 .debug_line    0x00000189       0x53 .\CortexM3\ARM_GCC_473\Debug\cymetadata.o
 .debug_line    0x000001dc      0x1af .\CortexM3\ARM_GCC_473\Debug\Cm3Start.o
 .debug_line    0x0000038b      0x20d .\CortexM3\ARM_GCC_473\Debug\IRT_EX6_1.a(cyfitter_cfg.o)
 .debug_line    0x00000598       0x68 .\CortexM3\ARM_GCC_473\Debug\IRT_EX6_1.a(CyBootAsmGnu.o)
 .debug_line    0x00000600      0x73b .\CortexM3\ARM_GCC_473\Debug\IRT_EX6_1.a(CyLib.o)
 .debug_line    0x00000d3b      0x370 .\CortexM3\ARM_GCC_473\Debug\IRT_EX6_1.a(cyPm.o)
 .debug_line    0x000010ab       0x99 .\CortexM3\ARM_GCC_473\Debug\IRT_EX6_1.a(Diode_1.o)
 .debug_line    0x00001144      0x3cf .\CortexM3\ARM_GCC_473\Debug\IRT_EX6_1.a(ADC_DelSig_1.o)
 .debug_line    0x00001513       0x97 .\CortexM3\ARM_GCC_473\Debug\IRT_EX6_1.a(ADC_DelSig_1_INT.o)
 .debug_line    0x000015aa       0xb2 .\CortexM3\ARM_GCC_473\Debug\IRT_EX6_1.a(Opamp_1.o)
 .debug_line    0x0000165c       0xb2 .\CortexM3\ARM_GCC_473\Debug\IRT_EX6_1.a(Opamp_3.o)
 .debug_line    0x0000170e       0xf4 .\CortexM3\ARM_GCC_473\Debug\IRT_EX6_1.a(VDAC8_1.o)
 .debug_line    0x00001802       0xf4 .\CortexM3\ARM_GCC_473\Debug\IRT_EX6_1.a(VDAC8_2.o)
 .debug_line    0x000018f6      0x19e .\CortexM3\ARM_GCC_473\Debug\IRT_EX6_1.a(Clock_1.o)
 .debug_line    0x00001a94      0x13e .\CortexM3\ARM_GCC_473\Debug\IRT_EX6_1.a(isr.o)
 .debug_line    0x00001bd2      0x1ae .\CortexM3\ARM_GCC_473\Debug\IRT_EX6_1.a(ADC_DelSig_1_Ext_CP_Clk.o)
 .debug_line    0x00001d80      0x1cf .\CortexM3\ARM_GCC_473\Debug\IRT_EX6_1.a(ADC_DelSig_1_theACLK.o)
 .debug_line    0x00001f4f      0x1a9 .\CortexM3\ARM_GCC_473\Debug\IRT_EX6_1.a(CyFlash.o)
 .debug_line    0x000020f8      0x1a7 .\CortexM3\ARM_GCC_473\Debug\IRT_EX6_1.a(CySpc.o)

.debug_frame    0x00000000     0x1c5c
 *(.debug_frame)
 .debug_frame   0x00000000       0x48 .\CortexM3\ARM_GCC_473\Debug\main.o
 .debug_frame   0x00000048       0xa4 .\CortexM3\ARM_GCC_473\Debug\Cm3Start.o
 .debug_frame   0x000000ec      0x120 .\CortexM3\ARM_GCC_473\Debug\IRT_EX6_1.a(cyfitter_cfg.o)
 .debug_frame   0x0000020c      0x778 .\CortexM3\ARM_GCC_473\Debug\IRT_EX6_1.a(CyLib.o)
 .debug_frame   0x00000984      0x1d0 .\CortexM3\ARM_GCC_473\Debug\IRT_EX6_1.a(cyPm.o)
 .debug_frame   0x00000b54       0x80 .\CortexM3\ARM_GCC_473\Debug\IRT_EX6_1.a(Diode_1.o)
 .debug_frame   0x00000bd4      0x31c .\CortexM3\ARM_GCC_473\Debug\IRT_EX6_1.a(ADC_DelSig_1.o)
 .debug_frame   0x00000ef0       0x80 .\CortexM3\ARM_GCC_473\Debug\IRT_EX6_1.a(ADC_DelSig_1_INT.o)
 .debug_frame   0x00000f70       0x9c .\CortexM3\ARM_GCC_473\Debug\IRT_EX6_1.a(Opamp_1.o)
 .debug_frame   0x0000100c       0x9c .\CortexM3\ARM_GCC_473\Debug\IRT_EX6_1.a(Opamp_3.o)
 .debug_frame   0x000010a8       0xf4 .\CortexM3\ARM_GCC_473\Debug\IRT_EX6_1.a(VDAC8_1.o)
 .debug_frame   0x0000119c       0xf4 .\CortexM3\ARM_GCC_473\Debug\IRT_EX6_1.a(VDAC8_2.o)
 .debug_frame   0x00001290      0x14c .\CortexM3\ARM_GCC_473\Debug\IRT_EX6_1.a(Clock_1.o)
 .debug_frame   0x000013dc      0x180 .\CortexM3\ARM_GCC_473\Debug\IRT_EX6_1.a(isr.o)
 .debug_frame   0x0000155c      0x14c .\CortexM3\ARM_GCC_473\Debug\IRT_EX6_1.a(ADC_DelSig_1_Ext_CP_Clk.o)
 .debug_frame   0x000016a8      0x184 .\CortexM3\ARM_GCC_473\Debug\IRT_EX6_1.a(ADC_DelSig_1_theACLK.o)
 .debug_frame   0x0000182c      0x178 .\CortexM3\ARM_GCC_473\Debug\IRT_EX6_1.a(CyFlash.o)
 .debug_frame   0x000019a4      0x13c .\CortexM3\ARM_GCC_473\Debug\IRT_EX6_1.a(CySpc.o)
 .debug_frame   0x00001ae0       0x34 c:/program files (x86)/cypress/psoc creator/3.0/psoc creator/import/gnu_cs/arm/4.7.3/bin/../lib/gcc/arm-none-eabi/4.7.3/../../../../arm-none-eabi/lib/armv7-m\libg.a(lib_a-__atexit.o)
 .debug_frame   0x00001b14       0x28 c:/program files (x86)/cypress/psoc creator/3.0/psoc creator/import/gnu_cs/arm/4.7.3/bin/../lib/gcc/arm-none-eabi/4.7.3/../../../../arm-none-eabi/lib/armv7-m\libg.a(lib_a-exit.o)
 .debug_frame   0x00001b3c       0x2c c:/program files (x86)/cypress/psoc creator/3.0/psoc creator/import/gnu_cs/arm/4.7.3/bin/../lib/gcc/arm-none-eabi/4.7.3/../../../../arm-none-eabi/lib/armv7-m\libg.a(lib_a-fini.o)
 .debug_frame   0x00001b68       0x30 c:/program files (x86)/cypress/psoc creator/3.0/psoc creator/import/gnu_cs/arm/4.7.3/bin/../lib/gcc/arm-none-eabi/4.7.3/../../../../arm-none-eabi/lib/armv7-m\libg.a(lib_a-init.o)
 .debug_frame   0x00001b98       0x30 c:/program files (x86)/cypress/psoc creator/3.0/psoc creator/import/gnu_cs/arm/4.7.3/bin/../lib/gcc/arm-none-eabi/4.7.3/../../../../arm-none-eabi/lib/armv7-m\libg.a(lib_a-memcpy.o)
 .debug_frame   0x00001bc8       0x2c c:/program files (x86)/cypress/psoc creator/3.0/psoc creator/import/gnu_cs/arm/4.7.3/bin/../lib/gcc/arm-none-eabi/4.7.3/../../../../arm-none-eabi/lib/armv7-m\libg.a(lib_a-memset.o)
 .debug_frame   0x00001bf4       0x48 c:/program files (x86)/cypress/psoc creator/3.0/psoc creator/import/gnu_cs/arm/4.7.3/bin/../lib/gcc/arm-none-eabi/4.7.3/../../../../arm-none-eabi/lib/armv7-m\libg.a(lib_a-__call_atexit.o)
 .debug_frame   0x00001c3c       0x20 c:/program files (x86)/cypress/psoc creator/3.0/psoc creator/import/gnu_cs/arm/4.7.3/bin/../lib/gcc/arm-none-eabi/4.7.3/../../../../arm-none-eabi/lib/armv7-m\libg.a(lib_a-atexit.o)

.debug_str      0x00000000     0x1df8
 *(.debug_str)
 .debug_str     0x00000000      0x13e .\CortexM3\ARM_GCC_473\Debug\main.o
                                0x17c (size before relaxing)
 .debug_str     0x0000013e       0x84 .\CortexM3\ARM_GCC_473\Debug\cybootloader.o
                                0x1c1 (size before relaxing)
 .debug_str     0x000001c2       0x49 .\CortexM3\ARM_GCC_473\Debug\cymetadata.o
                                0x186 (size before relaxing)
 .debug_str     0x0000020b      0x114 .\CortexM3\ARM_GCC_473\Debug\Cm3Start.o
                                0x270 (size before relaxing)
 .debug_str     0x0000031f      0x16c .\CortexM3\ARM_GCC_473\Debug\IRT_EX6_1.a(cyfitter_cfg.o)
                                0x2cf (size before relaxing)
 .debug_str     0x0000048b      0x642 .\CortexM3\ARM_GCC_473\Debug\IRT_EX6_1.a(CyLib.o)
                                0x7d6 (size before relaxing)
 .debug_str     0x00000acd      0x371 .\CortexM3\ARM_GCC_473\Debug\IRT_EX6_1.a(cyPm.o)
                                0x4e5 (size before relaxing)
 .debug_str     0x00000e3e       0x72 .\CortexM3\ARM_GCC_473\Debug\IRT_EX6_1.a(Diode_1.o)
                                0x1b6 (size before relaxing)
 .debug_str     0x00000eb0      0x439 .\CortexM3\ARM_GCC_473\Debug\IRT_EX6_1.a(ADC_DelSig_1.o)
                                0x5e1 (size before relaxing)
 .debug_str     0x000012e9       0x74 .\CortexM3\ARM_GCC_473\Debug\IRT_EX6_1.a(ADC_DelSig_1_INT.o)
                                0x1ab (size before relaxing)
 .debug_str     0x0000135d       0x81 .\CortexM3\ARM_GCC_473\Debug\IRT_EX6_1.a(Opamp_1.o)
                                0x1c3 (size before relaxing)
 .debug_str     0x000013de       0x7b .\CortexM3\ARM_GCC_473\Debug\IRT_EX6_1.a(Opamp_3.o)
                                0x1c3 (size before relaxing)
 .debug_str     0x00001459       0xb9 .\CortexM3\ARM_GCC_473\Debug\IRT_EX6_1.a(VDAC8_1.o)
                                0x1fd (size before relaxing)
 .debug_str     0x00001512       0xad .\CortexM3\ARM_GCC_473\Debug\IRT_EX6_1.a(VDAC8_2.o)
                                0x1fd (size before relaxing)
 .debug_str     0x000015bf      0x15c .\CortexM3\ARM_GCC_473\Debug\IRT_EX6_1.a(Clock_1.o)
                                0x2b8 (size before relaxing)
 .debug_str     0x0000171b       0xcc .\CortexM3\ARM_GCC_473\Debug\IRT_EX6_1.a(isr.o)
                                0x248 (size before relaxing)
 .debug_str     0x000017e7      0x1d9 .\CortexM3\ARM_GCC_473\Debug\IRT_EX6_1.a(ADC_DelSig_1_Ext_CP_Clk.o)
                                0x378 (size before relaxing)
 .debug_str     0x000019c0      0x20a .\CortexM3\ARM_GCC_473\Debug\IRT_EX6_1.a(ADC_DelSig_1_theACLK.o)
                                0x3a9 (size before relaxing)
 .debug_str     0x00001bca      0x130 .\CortexM3\ARM_GCC_473\Debug\IRT_EX6_1.a(CyFlash.o)
                                0x2ab (size before relaxing)
 .debug_str     0x00001cfa       0xfe .\CortexM3\ARM_GCC_473\Debug\IRT_EX6_1.a(CySpc.o)
                                0x287 (size before relaxing)

.debug_loc      0x00000000     0x2cf4
 *(.debug_loc)
 .debug_loc     0x00000000       0x58 .\CortexM3\ARM_GCC_473\Debug\main.o
 .debug_loc     0x00000058      0x100 .\CortexM3\ARM_GCC_473\Debug\Cm3Start.o
 .debug_loc     0x00000158      0x1f8 .\CortexM3\ARM_GCC_473\Debug\IRT_EX6_1.a(cyfitter_cfg.o)
 .debug_loc     0x00000350      0xce0 .\CortexM3\ARM_GCC_473\Debug\IRT_EX6_1.a(CyLib.o)
 .debug_loc     0x00001030      0x2e8 .\CortexM3\ARM_GCC_473\Debug\IRT_EX6_1.a(cyPm.o)
 .debug_loc     0x00001318       0xc8 .\CortexM3\ARM_GCC_473\Debug\IRT_EX6_1.a(Diode_1.o)
 .debug_loc     0x000013e0      0x58c .\CortexM3\ARM_GCC_473\Debug\IRT_EX6_1.a(ADC_DelSig_1.o)
 .debug_loc     0x0000196c       0xb0 .\CortexM3\ARM_GCC_473\Debug\IRT_EX6_1.a(ADC_DelSig_1_INT.o)
 .debug_loc     0x00001a1c       0xe8 .\CortexM3\ARM_GCC_473\Debug\IRT_EX6_1.a(Opamp_1.o)
 .debug_loc     0x00001b04       0xe8 .\CortexM3\ARM_GCC_473\Debug\IRT_EX6_1.a(Opamp_3.o)
 .debug_loc     0x00001bec      0x190 .\CortexM3\ARM_GCC_473\Debug\IRT_EX6_1.a(VDAC8_1.o)
 .debug_loc     0x00001d7c      0x190 .\CortexM3\ARM_GCC_473\Debug\IRT_EX6_1.a(VDAC8_2.o)
 .debug_loc     0x00001f0c      0x22c .\CortexM3\ARM_GCC_473\Debug\IRT_EX6_1.a(Clock_1.o)
 .debug_loc     0x00002138      0x278 .\CortexM3\ARM_GCC_473\Debug\IRT_EX6_1.a(isr.o)
 .debug_loc     0x000023b0      0x22c .\CortexM3\ARM_GCC_473\Debug\IRT_EX6_1.a(ADC_DelSig_1_Ext_CP_Clk.o)
 .debug_loc     0x000025dc      0x290 .\CortexM3\ARM_GCC_473\Debug\IRT_EX6_1.a(ADC_DelSig_1_theACLK.o)
 .debug_loc     0x0000286c      0x258 .\CortexM3\ARM_GCC_473\Debug\IRT_EX6_1.a(CyFlash.o)
 .debug_loc     0x00002ac4      0x230 .\CortexM3\ARM_GCC_473\Debug\IRT_EX6_1.a(CySpc.o)

.debug_macinfo
 *(.debug_macinfo)

.debug_ranges   0x00000000      0x798
 *(.debug_ranges)
 .debug_ranges  0x00000000       0x18 .\CortexM3\ARM_GCC_473\Debug\main.o
 .debug_ranges  0x00000018       0x30 .\CortexM3\ARM_GCC_473\Debug\Cm3Start.o
 .debug_ranges  0x00000048       0x50 .\CortexM3\ARM_GCC_473\Debug\IRT_EX6_1.a(cyfitter_cfg.o)
 .debug_ranges  0x00000098      0x208 .\CortexM3\ARM_GCC_473\Debug\IRT_EX6_1.a(CyLib.o)
 .debug_ranges  0x000002a0       0x80 .\CortexM3\ARM_GCC_473\Debug\IRT_EX6_1.a(cyPm.o)
 .debug_ranges  0x00000320       0x28 .\CortexM3\ARM_GCC_473\Debug\IRT_EX6_1.a(Diode_1.o)
 .debug_ranges  0x00000348       0xd8 .\CortexM3\ARM_GCC_473\Debug\IRT_EX6_1.a(ADC_DelSig_1.o)
 .debug_ranges  0x00000420       0x28 .\CortexM3\ARM_GCC_473\Debug\IRT_EX6_1.a(ADC_DelSig_1_INT.o)
 .debug_ranges  0x00000448       0x30 .\CortexM3\ARM_GCC_473\Debug\IRT_EX6_1.a(Opamp_1.o)
 .debug_ranges  0x00000478       0x30 .\CortexM3\ARM_GCC_473\Debug\IRT_EX6_1.a(Opamp_3.o)
 .debug_ranges  0x000004a8       0x48 .\CortexM3\ARM_GCC_473\Debug\IRT_EX6_1.a(VDAC8_1.o)
 .debug_ranges  0x000004f0       0x48 .\CortexM3\ARM_GCC_473\Debug\IRT_EX6_1.a(VDAC8_2.o)
 .debug_ranges  0x00000538       0x60 .\CortexM3\ARM_GCC_473\Debug\IRT_EX6_1.a(Clock_1.o)
 .debug_ranges  0x00000598       0x70 .\CortexM3\ARM_GCC_473\Debug\IRT_EX6_1.a(isr.o)
 .debug_ranges  0x00000608       0x60 .\CortexM3\ARM_GCC_473\Debug\IRT_EX6_1.a(ADC_DelSig_1_Ext_CP_Clk.o)
 .debug_ranges  0x00000668       0x70 .\CortexM3\ARM_GCC_473\Debug\IRT_EX6_1.a(ADC_DelSig_1_theACLK.o)
 .debug_ranges  0x000006d8       0x68 .\CortexM3\ARM_GCC_473\Debug\IRT_EX6_1.a(CyFlash.o)
 .debug_ranges  0x00000740       0x58 .\CortexM3\ARM_GCC_473\Debug\IRT_EX6_1.a(CySpc.o)

.comment        0x00000000       0x70
 .comment       0x00000000       0x70 .\CortexM3\ARM_GCC_473\Debug\main.o
                                 0x71 (size before relaxing)
 .comment       0x00000000       0x71 .\CortexM3\ARM_GCC_473\Debug\cybootloader.o
 .comment       0x00000000       0x71 .\CortexM3\ARM_GCC_473\Debug\cymetadata.o
 .comment       0x00000000       0x71 .\CortexM3\ARM_GCC_473\Debug\Cm3Start.o
 .comment       0x00000000       0x71 .\CortexM3\ARM_GCC_473\Debug\IRT_EX6_1.a(cyfitter_cfg.o)
 .comment       0x00000000       0x71 .\CortexM3\ARM_GCC_473\Debug\IRT_EX6_1.a(CyLib.o)
 .comment       0x00000000       0x71 .\CortexM3\ARM_GCC_473\Debug\IRT_EX6_1.a(cyPm.o)
 .comment       0x00000000       0x71 .\CortexM3\ARM_GCC_473\Debug\IRT_EX6_1.a(Diode_1.o)
 .comment       0x00000000       0x71 .\CortexM3\ARM_GCC_473\Debug\IRT_EX6_1.a(ADC_DelSig_1.o)
 .comment       0x00000000       0x71 .\CortexM3\ARM_GCC_473\Debug\IRT_EX6_1.a(ADC_DelSig_1_INT.o)
 .comment       0x00000000       0x71 .\CortexM3\ARM_GCC_473\Debug\IRT_EX6_1.a(Opamp_1.o)
 .comment       0x00000000       0x71 .\CortexM3\ARM_GCC_473\Debug\IRT_EX6_1.a(Opamp_3.o)
 .comment       0x00000000       0x71 .\CortexM3\ARM_GCC_473\Debug\IRT_EX6_1.a(VDAC8_1.o)
 .comment       0x00000000       0x71 .\CortexM3\ARM_GCC_473\Debug\IRT_EX6_1.a(VDAC8_2.o)
 .comment       0x00000000       0x71 .\CortexM3\ARM_GCC_473\Debug\IRT_EX6_1.a(Clock_1.o)
 .comment       0x00000000       0x71 .\CortexM3\ARM_GCC_473\Debug\IRT_EX6_1.a(isr.o)
 .comment       0x00000000       0x71 .\CortexM3\ARM_GCC_473\Debug\IRT_EX6_1.a(ADC_DelSig_1_Ext_CP_Clk.o)
 .comment       0x00000000       0x71 .\CortexM3\ARM_GCC_473\Debug\IRT_EX6_1.a(ADC_DelSig_1_theACLK.o)
 .comment       0x00000000       0x71 .\CortexM3\ARM_GCC_473\Debug\IRT_EX6_1.a(CyFlash.o)
 .comment       0x00000000       0x71 .\CortexM3\ARM_GCC_473\Debug\IRT_EX6_1.a(CySpc.o)

.debug_weaknames
 *(.debug_weaknames)

.debug_funcnames
 *(.debug_funcnames)

.debug_typenames
 *(.debug_typenames)

.debug_varnames
 *(.debug_varnames)

.note.gnu.arm.ident
 *(.note.gnu.arm.ident)

.ARM.attributes
                0x00000000       0x29
 *(.ARM.attributes)
 .ARM.attributes
                0x00000000       0x1d c:/program files (x86)/cypress/psoc creator/3.0/psoc creator/import/gnu_cs/arm/4.7.3/bin/../lib/gcc/arm-none-eabi/4.7.3/armv7-m/crti.o
 .ARM.attributes
                0x0000001d       0x2d c:/program files (x86)/cypress/psoc creator/3.0/psoc creator/import/gnu_cs/arm/4.7.3/bin/../lib/gcc/arm-none-eabi/4.7.3/armv7-m/crtbegin.o
 .ARM.attributes
                0x0000004a       0x1b c:/program files (x86)/cypress/psoc creator/3.0/psoc creator/import/gnu_cs/arm/4.7.3/bin/../lib/gcc/arm-none-eabi/4.7.3/../../../../arm-none-eabi/lib/armv7-m/crt0.o
 .ARM.attributes
                0x00000065       0x33 .\CortexM3\ARM_GCC_473\Debug\main.o
 .ARM.attributes
                0x00000098       0x33 .\CortexM3\ARM_GCC_473\Debug\cybootloader.o
 .ARM.attributes
                0x000000cb       0x33 .\CortexM3\ARM_GCC_473\Debug\cymetadata.o
 .ARM.attributes
                0x000000fe       0x33 .\CortexM3\ARM_GCC_473\Debug\Cm3Start.o
 .ARM.attributes
                0x00000131       0x33 .\CortexM3\ARM_GCC_473\Debug\IRT_EX6_1.a(cyfitter_cfg.o)
 .ARM.attributes
                0x00000164       0x21 .\CortexM3\ARM_GCC_473\Debug\IRT_EX6_1.a(CyBootAsmGnu.o)
 .ARM.attributes
                0x00000185       0x33 .\CortexM3\ARM_GCC_473\Debug\IRT_EX6_1.a(CyLib.o)
 .ARM.attributes
                0x000001b8       0x33 .\CortexM3\ARM_GCC_473\Debug\IRT_EX6_1.a(cyPm.o)
 .ARM.attributes
                0x000001eb       0x33 .\CortexM3\ARM_GCC_473\Debug\IRT_EX6_1.a(Diode_1.o)
 .ARM.attributes
                0x0000021e       0x33 .\CortexM3\ARM_GCC_473\Debug\IRT_EX6_1.a(ADC_DelSig_1.o)
 .ARM.attributes
                0x00000251       0x33 .\CortexM3\ARM_GCC_473\Debug\IRT_EX6_1.a(ADC_DelSig_1_INT.o)
 .ARM.attributes
                0x00000284       0x33 .\CortexM3\ARM_GCC_473\Debug\IRT_EX6_1.a(Opamp_1.o)
 .ARM.attributes
                0x000002b7       0x33 .\CortexM3\ARM_GCC_473\Debug\IRT_EX6_1.a(Opamp_3.o)
 .ARM.attributes
                0x000002ea       0x33 .\CortexM3\ARM_GCC_473\Debug\IRT_EX6_1.a(VDAC8_1.o)
 .ARM.attributes
                0x0000031d       0x33 .\CortexM3\ARM_GCC_473\Debug\IRT_EX6_1.a(VDAC8_2.o)
 .ARM.attributes
                0x00000350       0x33 .\CortexM3\ARM_GCC_473\Debug\IRT_EX6_1.a(Clock_1.o)
 .ARM.attributes
                0x00000383       0x33 .\CortexM3\ARM_GCC_473\Debug\IRT_EX6_1.a(isr.o)
 .ARM.attributes
                0x000003b6       0x33 .\CortexM3\ARM_GCC_473\Debug\IRT_EX6_1.a(ADC_DelSig_1_Ext_CP_Clk.o)
 .ARM.attributes
                0x000003e9       0x33 .\CortexM3\ARM_GCC_473\Debug\IRT_EX6_1.a(ADC_DelSig_1_theACLK.o)
 .ARM.attributes
                0x0000041c       0x33 .\CortexM3\ARM_GCC_473\Debug\IRT_EX6_1.a(CyFlash.o)
 .ARM.attributes
                0x0000044f       0x33 .\CortexM3\ARM_GCC_473\Debug\IRT_EX6_1.a(CySpc.o)
 .ARM.attributes
                0x00000482       0x1d c:/program files (x86)/cypress/psoc creator/3.0/psoc creator/import/gnu_cs/arm/4.7.3/bin/../lib/gcc/arm-none-eabi/4.7.3/armv7-m\libgcc.a(_arm_addsubdf3.o)
 .ARM.attributes
                0x0000049f       0x1d c:/program files (x86)/cypress/psoc creator/3.0/psoc creator/import/gnu_cs/arm/4.7.3/bin/../lib/gcc/arm-none-eabi/4.7.3/armv7-m\libgcc.a(_arm_cmpdf2.o)
 .ARM.attributes
                0x000004bc       0x1d c:/program files (x86)/cypress/psoc creator/3.0/psoc creator/import/gnu_cs/arm/4.7.3/bin/../lib/gcc/arm-none-eabi/4.7.3/armv7-m\libgcc.a(_arm_addsubsf3.o)
 .ARM.attributes
                0x000004d9       0x1d c:/program files (x86)/cypress/psoc creator/3.0/psoc creator/import/gnu_cs/arm/4.7.3/bin/../lib/gcc/arm-none-eabi/4.7.3/armv7-m\libgcc.a(_arm_muldivsf3.o)
 .ARM.attributes
                0x000004f6       0x1d c:/program files (x86)/cypress/psoc creator/3.0/psoc creator/import/gnu_cs/arm/4.7.3/bin/../lib/gcc/arm-none-eabi/4.7.3/armv7-m\libgcc.a(_arm_fixunssfsi.o)
 .ARM.attributes
                0x00000513       0x2d c:/program files (x86)/cypress/psoc creator/3.0/psoc creator/import/gnu_cs/arm/4.7.3/bin/../lib/gcc/arm-none-eabi/4.7.3/../../../../arm-none-eabi/lib/armv7-m\libg.a(lib_a-__atexit.o)
 .ARM.attributes
                0x00000540       0x2d c:/program files (x86)/cypress/psoc creator/3.0/psoc creator/import/gnu_cs/arm/4.7.3/bin/../lib/gcc/arm-none-eabi/4.7.3/../../../../arm-none-eabi/lib/armv7-m\libg.a(lib_a-exit.o)
 .ARM.attributes
                0x0000056d       0x2d c:/program files (x86)/cypress/psoc creator/3.0/psoc creator/import/gnu_cs/arm/4.7.3/bin/../lib/gcc/arm-none-eabi/4.7.3/../../../../arm-none-eabi/lib/armv7-m\libg.a(lib_a-fini.o)
 .ARM.attributes
                0x0000059a       0x2d c:/program files (x86)/cypress/psoc creator/3.0/psoc creator/import/gnu_cs/arm/4.7.3/bin/../lib/gcc/arm-none-eabi/4.7.3/../../../../arm-none-eabi/lib/armv7-m\libg.a(lib_a-impure.o)
 .ARM.attributes
                0x000005c7       0x2d c:/program files (x86)/cypress/psoc creator/3.0/psoc creator/import/gnu_cs/arm/4.7.3/bin/../lib/gcc/arm-none-eabi/4.7.3/../../../../arm-none-eabi/lib/armv7-m\libg.a(lib_a-init.o)
 .ARM.attributes
                0x000005f4       0x2d c:/program files (x86)/cypress/psoc creator/3.0/psoc creator/import/gnu_cs/arm/4.7.3/bin/../lib/gcc/arm-none-eabi/4.7.3/../../../../arm-none-eabi/lib/armv7-m\libg.a(lib_a-memcpy.o)
 .ARM.attributes
                0x00000621       0x2d c:/program files (x86)/cypress/psoc creator/3.0/psoc creator/import/gnu_cs/arm/4.7.3/bin/../lib/gcc/arm-none-eabi/4.7.3/../../../../arm-none-eabi/lib/armv7-m\libg.a(lib_a-memset.o)
 .ARM.attributes
                0x0000064e       0x2d c:/program files (x86)/cypress/psoc creator/3.0/psoc creator/import/gnu_cs/arm/4.7.3/bin/../lib/gcc/arm-none-eabi/4.7.3/../../../../arm-none-eabi/lib/armv7-m\libg.a(lib_a-__call_atexit.o)
 .ARM.attributes
                0x0000067b       0x2d c:/program files (x86)/cypress/psoc creator/3.0/psoc creator/import/gnu_cs/arm/4.7.3/bin/../lib/gcc/arm-none-eabi/4.7.3/../../../../arm-none-eabi/lib/armv7-m\libg.a(lib_a-atexit.o)
 .ARM.attributes
                0x000006a8       0x2d c:/program files (x86)/cypress/psoc creator/3.0/psoc creator/import/gnu_cs/arm/4.7.3/bin/../lib/gcc/arm-none-eabi/4.7.3/armv7-m/crtend.o
 .ARM.attributes
                0x000006d5       0x1d c:/program files (x86)/cypress/psoc creator/3.0/psoc creator/import/gnu_cs/arm/4.7.3/bin/../lib/gcc/arm-none-eabi/4.7.3/armv7-m/crtn.o

/DISCARD/
 *(.note.GNU-stack)
OUTPUT(.\CortexM3\ARM_GCC_473\Debug\IRT_EX6_1.elf elf32-littlearm)
